# serializer version: 1
# name: test_get_workouts_period
  list([
    dict({
      'active_calories_burnt': 47,
      'attribution': <MeasurementAttribution.DEVICE_ENTRY_FOR_USER: 0>,
      'average_heart_rate': 80,
      'category': <WorkoutCategory.WALK: 1>,
      'date': datetime.date(2023, 8, 29),
      'distance': 680,
      'duration_heart_rate_intense_zone': 300,
      'duration_heart_rate_light_zone': 100,
      'duration_heart_rate_maximal_zone': 400,
      'duration_heart_rate_moderate_zone': 200,
      'end_date': datetime.datetime(2023, 8, 29, 19, 15, 13, tzinfo=datetime.timezone.utc),
      'floors_climbed': 10,
      'intensity': 30,
      'max_heart_rate': 80,
      'min_heart_rate': 70,
      'pause_duration': 80,
      'spo2_average': 15,
      'start_date': datetime.datetime(2023, 8, 29, 19, 6, 51, tzinfo=datetime.timezone.utc),
      'steps': 779,
      'workout_id': 3661300277,
    }),
    dict({
      'active_calories_burnt': None,
      'attribution': <MeasurementAttribution.DEVICE_ENTRY_FOR_USER: 0>,
      'average_heart_rate': None,
      'category': <WorkoutCategory.WALK: 1>,
      'date': datetime.date(2023, 8, 31),
      'distance': None,
      'duration_heart_rate_intense_zone': None,
      'duration_heart_rate_light_zone': None,
      'duration_heart_rate_maximal_zone': None,
      'duration_heart_rate_moderate_zone': None,
      'end_date': datetime.datetime(2023, 8, 31, 8, 18, 44, tzinfo=datetime.timezone.utc),
      'floors_climbed': None,
      'intensity': None,
      'max_heart_rate': None,
      'min_heart_rate': None,
      'pause_duration': None,
      'spo2_average': None,
      'start_date': datetime.datetime(2023, 8, 31, 8, 8, 27, tzinfo=datetime.timezone.utc),
      'steps': None,
      'workout_id': 3661300290,
    }),
    dict({
      'active_calories_burnt': 82,
      'attribution': <MeasurementAttribution.DEVICE_ENTRY_FOR_USER: 0>,
      'average_heart_rate': None,
      'category': <WorkoutCategory.WALK: 1>,
      'date': datetime.date(2023, 8, 4),
      'distance': 1294,
      'duration_heart_rate_intense_zone': None,
      'duration_heart_rate_light_zone': None,
      'duration_heart_rate_maximal_zone': None,
      'duration_heart_rate_moderate_zone': None,
      'end_date': datetime.datetime(2023, 8, 4, 16, 15, 19, tzinfo=datetime.timezone.utc),
      'floors_climbed': 18,
      'intensity': 30,
      'max_heart_rate': None,
      'min_heart_rate': None,
      'pause_duration': None,
      'spo2_average': None,
      'start_date': datetime.datetime(2023, 8, 4, 16, 0, 39, tzinfo=datetime.timezone.utc),
      'steps': 1450,
      'workout_id': 3661300269,
    }),
    dict({
      'active_calories_burnt': 97,
      'attribution': <MeasurementAttribution.DEVICE_ENTRY_FOR_USER: 0>,
      'average_heart_rate': None,
      'category': <WorkoutCategory.WALK: 1>,
      'date': datetime.date(2023, 9, 23),
      'distance': 1405,
      'duration_heart_rate_intense_zone': None,
      'duration_heart_rate_light_zone': None,
      'duration_heart_rate_maximal_zone': None,
      'duration_heart_rate_moderate_zone': None,
      'end_date': datetime.datetime(2023, 9, 22, 23, 51, 1, tzinfo=datetime.timezone.utc),
      'floors_climbed': 19,
      'intensity': 30,
      'max_heart_rate': None,
      'min_heart_rate': None,
      'pause_duration': None,
      'spo2_average': None,
      'start_date': datetime.datetime(2023, 9, 22, 23, 33, 55, tzinfo=datetime.timezone.utc),
      'steps': 1650,
      'workout_id': 3743596080,
    }),
    dict({
      'active_calories_burnt': 62,
      'attribution': <MeasurementAttribution.DEVICE_ENTRY_FOR_USER: 0>,
      'average_heart_rate': None,
      'category': <WorkoutCategory.WALK: 1>,
      'date': datetime.date(2023, 9, 14),
      'distance': 917,
      'duration_heart_rate_intense_zone': None,
      'duration_heart_rate_light_zone': None,
      'duration_heart_rate_maximal_zone': None,
      'duration_heart_rate_moderate_zone': None,
      'end_date': datetime.datetime(2023, 9, 14, 18, 31, 46, tzinfo=datetime.timezone.utc),
      'floors_climbed': 15,
      'intensity': 30,
      'max_heart_rate': None,
      'min_heart_rate': None,
      'pause_duration': None,
      'spo2_average': None,
      'start_date': datetime.datetime(2023, 9, 14, 18, 20, 49, tzinfo=datetime.timezone.utc),
      'steps': 1076,
      'workout_id': 3743596073,
    }),
    dict({
      'active_calories_burnt': 13,
      'attribution': <MeasurementAttribution.DEVICE_ENTRY_FOR_USER: 0>,
      'average_heart_rate': None,
      'category': <WorkoutCategory.WALK: 1>,
      'date': datetime.date(2023, 9, 23),
      'distance': 185,
      'duration_heart_rate_intense_zone': None,
      'duration_heart_rate_light_zone': None,
      'duration_heart_rate_maximal_zone': None,
      'duration_heart_rate_moderate_zone': None,
      'end_date': datetime.datetime(2023, 9, 22, 23, 58, 13, tzinfo=datetime.timezone.utc),
      'floors_climbed': 4,
      'intensity': 30,
      'max_heart_rate': None,
      'min_heart_rate': None,
      'pause_duration': None,
      'spo2_average': None,
      'start_date': datetime.datetime(2023, 9, 22, 23, 55, 53, tzinfo=datetime.timezone.utc),
      'steps': 216,
      'workout_id': 3743596085,
    }),
    dict({
      'active_calories_burnt': 187,
      'attribution': <MeasurementAttribution.DEVICE_ENTRY_FOR_USER: 0>,
      'average_heart_rate': None,
      'category': <WorkoutCategory.WALK: 1>,
      'date': datetime.date(2023, 9, 14),
      'distance': 2908,
      'duration_heart_rate_intense_zone': None,
      'duration_heart_rate_light_zone': None,
      'duration_heart_rate_maximal_zone': None,
      'duration_heart_rate_moderate_zone': None,
      'end_date': datetime.datetime(2023, 9, 14, 18, 15, 27, tzinfo=datetime.timezone.utc),
      'floors_climbed': 49,
      'intensity': 30,
      'max_heart_rate': None,
      'min_heart_rate': None,
      'pause_duration': None,
      'spo2_average': None,
      'start_date': datetime.datetime(2023, 9, 14, 17, 42, 31, tzinfo=datetime.timezone.utc),
      'steps': 3339,
      'workout_id': 3743596072,
    }),
    dict({
      'active_calories_burnt': 18,
      'attribution': <MeasurementAttribution.DEVICE_ENTRY_FOR_USER: 0>,
      'average_heart_rate': None,
      'category': <WorkoutCategory.WALK: 1>,
      'date': datetime.date(2023, 10, 9),
      'distance': 261,
      'duration_heart_rate_intense_zone': None,
      'duration_heart_rate_light_zone': None,
      'duration_heart_rate_maximal_zone': None,
      'duration_heart_rate_moderate_zone': None,
      'end_date': datetime.datetime(2023, 10, 9, 7, 16, 7, tzinfo=datetime.timezone.utc),
      'floors_climbed': 4,
      'intensity': 30,
      'max_heart_rate': None,
      'min_heart_rate': None,
      'pause_duration': None,
      'spo2_average': None,
      'start_date': datetime.datetime(2023, 10, 9, 7, 12, 49, tzinfo=datetime.timezone.utc),
      'steps': 291,
      'workout_id': 3752609171,
    }),
    dict({
      'active_calories_burnt': 24,
      'attribution': <MeasurementAttribution.DEVICE_ENTRY_FOR_USER: 0>,
      'average_heart_rate': None,
      'category': <WorkoutCategory.WALK: 1>,
      'date': datetime.date(2023, 10, 9),
      'distance': 232,
      'duration_heart_rate_intense_zone': None,
      'duration_heart_rate_light_zone': None,
      'duration_heart_rate_maximal_zone': None,
      'duration_heart_rate_moderate_zone': None,
      'end_date': datetime.datetime(2023, 10, 9, 9, 43, 58, tzinfo=datetime.timezone.utc),
      'floors_climbed': 4,
      'intensity': 30,
      'max_heart_rate': None,
      'min_heart_rate': None,
      'pause_duration': None,
      'spo2_average': None,
      'start_date': datetime.datetime(2023, 10, 9, 9, 39, 43, tzinfo=datetime.timezone.utc),
      'steps': 267,
      'workout_id': 3752609178,
    }),
    dict({
      'active_calories_burnt': 21,
      'attribution': <MeasurementAttribution.DEVICE_ENTRY_FOR_USER: 0>,
      'average_heart_rate': None,
      'category': <WorkoutCategory.WALK: 1>,
      'date': datetime.date(2023, 10, 9),
      'distance': 359,
      'duration_heart_rate_intense_zone': None,
      'duration_heart_rate_light_zone': None,
      'duration_heart_rate_maximal_zone': None,
      'duration_heart_rate_moderate_zone': None,
      'end_date': datetime.datetime(2023, 10, 9, 9, 17, 12, tzinfo=datetime.timezone.utc),
      'floors_climbed': 4,
      'intensity': 30,
      'max_heart_rate': None,
      'min_heart_rate': None,
      'pause_duration': None,
      'spo2_average': None,
      'start_date': datetime.datetime(2023, 10, 9, 9, 13, 23, tzinfo=datetime.timezone.utc),
      'steps': 403,
      'workout_id': 3752609174,
    }),
    dict({
      'active_calories_burnt': 21,
      'attribution': <MeasurementAttribution.DEVICE_ENTRY_FOR_USER: 0>,
      'average_heart_rate': None,
      'category': <WorkoutCategory.WALK: 1>,
      'date': datetime.date(2023, 10, 9),
      'distance': 359,
      'duration_heart_rate_intense_zone': None,
      'duration_heart_rate_light_zone': None,
      'duration_heart_rate_maximal_zone': None,
      'duration_heart_rate_moderate_zone': None,
      'end_date': datetime.datetime(2023, 10, 9, 9, 17, 12, tzinfo=datetime.timezone.utc),
      'floors_climbed': 4,
      'intensity': 30,
      'max_heart_rate': None,
      'min_heart_rate': None,
      'pause_duration': None,
      'spo2_average': None,
      'start_date': datetime.datetime(2023, 10, 9, 9, 13, 23, tzinfo=datetime.timezone.utc),
      'steps': 403,
      'workout_id': 3752609174,
    }),
  ])
# ---
# name: test_get_workouts_since
  list([
    dict({
      'active_calories_burnt': 47,
      'attribution': <MeasurementAttribution.DEVICE_ENTRY_FOR_USER: 0>,
      'average_heart_rate': 80,
      'category': <WorkoutCategory.WALK: 1>,
      'date': datetime.date(2023, 8, 29),
      'distance': 680,
      'duration_heart_rate_intense_zone': 300,
      'duration_heart_rate_light_zone': 100,
      'duration_heart_rate_maximal_zone': 400,
      'duration_heart_rate_moderate_zone': 200,
      'end_date': datetime.datetime(2023, 8, 29, 19, 15, 13, tzinfo=datetime.timezone.utc),
      'floors_climbed': 10,
      'intensity': 30,
      'max_heart_rate': 80,
      'min_heart_rate': 70,
      'pause_duration': 80,
      'spo2_average': 15,
      'start_date': datetime.datetime(2023, 8, 29, 19, 6, 51, tzinfo=datetime.timezone.utc),
      'steps': 779,
      'workout_id': 3661300277,
    }),
    dict({
      'active_calories_burnt': None,
      'attribution': <MeasurementAttribution.DEVICE_ENTRY_FOR_USER: 0>,
      'average_heart_rate': None,
      'category': <WorkoutCategory.WALK: 1>,
      'date': datetime.date(2023, 8, 31),
      'distance': None,
      'duration_heart_rate_intense_zone': None,
      'duration_heart_rate_light_zone': None,
      'duration_heart_rate_maximal_zone': None,
      'duration_heart_rate_moderate_zone': None,
      'end_date': datetime.datetime(2023, 8, 31, 8, 18, 44, tzinfo=datetime.timezone.utc),
      'floors_climbed': None,
      'intensity': None,
      'max_heart_rate': None,
      'min_heart_rate': None,
      'pause_duration': None,
      'spo2_average': None,
      'start_date': datetime.datetime(2023, 8, 31, 8, 8, 27, tzinfo=datetime.timezone.utc),
      'steps': None,
      'workout_id': 3661300290,
    }),
    dict({
      'active_calories_burnt': 82,
      'attribution': <MeasurementAttribution.DEVICE_ENTRY_FOR_USER: 0>,
      'average_heart_rate': None,
      'category': <WorkoutCategory.WALK: 1>,
      'date': datetime.date(2023, 8, 4),
      'distance': 1294,
      'duration_heart_rate_intense_zone': None,
      'duration_heart_rate_light_zone': None,
      'duration_heart_rate_maximal_zone': None,
      'duration_heart_rate_moderate_zone': None,
      'end_date': datetime.datetime(2023, 8, 4, 16, 15, 19, tzinfo=datetime.timezone.utc),
      'floors_climbed': 18,
      'intensity': 30,
      'max_heart_rate': None,
      'min_heart_rate': None,
      'pause_duration': None,
      'spo2_average': None,
      'start_date': datetime.datetime(2023, 8, 4, 16, 0, 39, tzinfo=datetime.timezone.utc),
      'steps': 1450,
      'workout_id': 3661300269,
    }),
    dict({
      'active_calories_burnt': 97,
      'attribution': <MeasurementAttribution.DEVICE_ENTRY_FOR_USER: 0>,
      'average_heart_rate': None,
      'category': <WorkoutCategory.WALK: 1>,
      'date': datetime.date(2023, 9, 23),
      'distance': 1405,
      'duration_heart_rate_intense_zone': None,
      'duration_heart_rate_light_zone': None,
      'duration_heart_rate_maximal_zone': None,
      'duration_heart_rate_moderate_zone': None,
      'end_date': datetime.datetime(2023, 9, 22, 23, 51, 1, tzinfo=datetime.timezone.utc),
      'floors_climbed': 19,
      'intensity': 30,
      'max_heart_rate': None,
      'min_heart_rate': None,
      'pause_duration': None,
      'spo2_average': None,
      'start_date': datetime.datetime(2023, 9, 22, 23, 33, 55, tzinfo=datetime.timezone.utc),
      'steps': 1650,
      'workout_id': 3743596080,
    }),
    dict({
      'active_calories_burnt': 62,
      'attribution': <MeasurementAttribution.DEVICE_ENTRY_FOR_USER: 0>,
      'average_heart_rate': None,
      'category': <WorkoutCategory.WALK: 1>,
      'date': datetime.date(2023, 9, 14),
      'distance': 917,
      'duration_heart_rate_intense_zone': None,
      'duration_heart_rate_light_zone': None,
      'duration_heart_rate_maximal_zone': None,
      'duration_heart_rate_moderate_zone': None,
      'end_date': datetime.datetime(2023, 9, 14, 18, 31, 46, tzinfo=datetime.timezone.utc),
      'floors_climbed': 15,
      'intensity': 30,
      'max_heart_rate': None,
      'min_heart_rate': None,
      'pause_duration': None,
      'spo2_average': None,
      'start_date': datetime.datetime(2023, 9, 14, 18, 20, 49, tzinfo=datetime.timezone.utc),
      'steps': 1076,
      'workout_id': 3743596073,
    }),
    dict({
      'active_calories_burnt': 13,
      'attribution': <MeasurementAttribution.DEVICE_ENTRY_FOR_USER: 0>,
      'average_heart_rate': None,
      'category': <WorkoutCategory.WALK: 1>,
      'date': datetime.date(2023, 9, 23),
      'distance': 185,
      'duration_heart_rate_intense_zone': None,
      'duration_heart_rate_light_zone': None,
      'duration_heart_rate_maximal_zone': None,
      'duration_heart_rate_moderate_zone': None,
      'end_date': datetime.datetime(2023, 9, 22, 23, 58, 13, tzinfo=datetime.timezone.utc),
      'floors_climbed': 4,
      'intensity': 30,
      'max_heart_rate': None,
      'min_heart_rate': None,
      'pause_duration': None,
      'spo2_average': None,
      'start_date': datetime.datetime(2023, 9, 22, 23, 55, 53, tzinfo=datetime.timezone.utc),
      'steps': 216,
      'workout_id': 3743596085,
    }),
    dict({
      'active_calories_burnt': 187,
      'attribution': <MeasurementAttribution.DEVICE_ENTRY_FOR_USER: 0>,
      'average_heart_rate': None,
      'category': <WorkoutCategory.WALK: 1>,
      'date': datetime.date(2023, 9, 14),
      'distance': 2908,
      'duration_heart_rate_intense_zone': None,
      'duration_heart_rate_light_zone': None,
      'duration_heart_rate_maximal_zone': None,
      'duration_heart_rate_moderate_zone': None,
      'end_date': datetime.datetime(2023, 9, 14, 18, 15, 27, tzinfo=datetime.timezone.utc),
      'floors_climbed': 49,
      'intensity': 30,
      'max_heart_rate': None,
      'min_heart_rate': None,
      'pause_duration': None,
      'spo2_average': None,
      'start_date': datetime.datetime(2023, 9, 14, 17, 42, 31, tzinfo=datetime.timezone.utc),
      'steps': 3339,
      'workout_id': 3743596072,
    }),
    dict({
      'active_calories_burnt': 18,
      'attribution': <MeasurementAttribution.DEVICE_ENTRY_FOR_USER: 0>,
      'average_heart_rate': None,
      'category': <WorkoutCategory.WALK: 1>,
      'date': datetime.date(2023, 10, 9),
      'distance': 261,
      'duration_heart_rate_intense_zone': None,
      'duration_heart_rate_light_zone': None,
      'duration_heart_rate_maximal_zone': None,
      'duration_heart_rate_moderate_zone': None,
      'end_date': datetime.datetime(2023, 10, 9, 7, 16, 7, tzinfo=datetime.timezone.utc),
      'floors_climbed': 4,
      'intensity': 30,
      'max_heart_rate': None,
      'min_heart_rate': None,
      'pause_duration': None,
      'spo2_average': None,
      'start_date': datetime.datetime(2023, 10, 9, 7, 12, 49, tzinfo=datetime.timezone.utc),
      'steps': 291,
      'workout_id': 3752609171,
    }),
    dict({
      'active_calories_burnt': 24,
      'attribution': <MeasurementAttribution.DEVICE_ENTRY_FOR_USER: 0>,
      'average_heart_rate': None,
      'category': <WorkoutCategory.WALK: 1>,
      'date': datetime.date(2023, 10, 9),
      'distance': 232,
      'duration_heart_rate_intense_zone': None,
      'duration_heart_rate_light_zone': None,
      'duration_heart_rate_maximal_zone': None,
      'duration_heart_rate_moderate_zone': None,
      'end_date': datetime.datetime(2023, 10, 9, 9, 43, 58, tzinfo=datetime.timezone.utc),
      'floors_climbed': 4,
      'intensity': 30,
      'max_heart_rate': None,
      'min_heart_rate': None,
      'pause_duration': None,
      'spo2_average': None,
      'start_date': datetime.datetime(2023, 10, 9, 9, 39, 43, tzinfo=datetime.timezone.utc),
      'steps': 267,
      'workout_id': 3752609178,
    }),
    dict({
      'active_calories_burnt': 21,
      'attribution': <MeasurementAttribution.DEVICE_ENTRY_FOR_USER: 0>,
      'average_heart_rate': None,
      'category': <WorkoutCategory.WALK: 1>,
      'date': datetime.date(2023, 10, 9),
      'distance': 359,
      'duration_heart_rate_intense_zone': None,
      'duration_heart_rate_light_zone': None,
      'duration_heart_rate_maximal_zone': None,
      'duration_heart_rate_moderate_zone': None,
      'end_date': datetime.datetime(2023, 10, 9, 9, 17, 12, tzinfo=datetime.timezone.utc),
      'floors_climbed': 4,
      'intensity': 30,
      'max_heart_rate': None,
      'min_heart_rate': None,
      'pause_duration': None,
      'spo2_average': None,
      'start_date': datetime.datetime(2023, 10, 9, 9, 13, 23, tzinfo=datetime.timezone.utc),
      'steps': 403,
      'workout_id': 3752609174,
    }),
    dict({
      'active_calories_burnt': 21,
      'attribution': <MeasurementAttribution.DEVICE_ENTRY_FOR_USER: 0>,
      'average_heart_rate': None,
      'category': <WorkoutCategory.WALK: 1>,
      'date': datetime.date(2023, 10, 9),
      'distance': 359,
      'duration_heart_rate_intense_zone': None,
      'duration_heart_rate_light_zone': None,
      'duration_heart_rate_maximal_zone': None,
      'duration_heart_rate_moderate_zone': None,
      'end_date': datetime.datetime(2023, 10, 9, 9, 17, 12, tzinfo=datetime.timezone.utc),
      'floors_climbed': 4,
      'intensity': 30,
      'max_heart_rate': None,
      'min_heart_rate': None,
      'pause_duration': None,
      'spo2_average': None,
      'start_date': datetime.datetime(2023, 10, 9, 9, 13, 23, tzinfo=datetime.timezone.utc),
      'steps': 403,
      'workout_id': 3752609174,
    }),
  ])
# ---
